sample.interval=5000
"st$set" 
"$" "self$set_value" "st$set" 
"bitwOr" "encode64" "self$name_key" "writeLines" "<Anonymous>" "st$set" 
"close.connection" "close" "writeLines" "<Anonymous>" "st$set" 
"encode64" "self$name_key" "file.exists" "dir_create" "<Anonymous>" "st$set" 
"serialize" "self$serialize_object" "self$set_value" "st$set" 
"$" "encode64" "self$name_key" "writeLines" "<Anonymous>" "st$set" 
"options" "match" "%in%" "getOption" "file" "writeLines" "<Anonymous>" "st$set" 
"options" "match" "%in%" "getOption" "file" "writeLines" "<Anonymous>" "st$set" 
"formals" "match.arg" "hash" "self$hash_raw" "self$set_value" "st$set" 
"encode64" "self$name_key" "file.exists" "dir_create" "<Anonymous>" "st$set" 
"matrix" "encode64" "self$name_key" "file.exists" "dir_create" "<Anonymous>" "st$set" 
"bitwOr" "encode64" "self$name_key" "file.exists" "dir_create" "<Anonymous>" "st$set" 
"self$name_key" "file.exists" "dir_create" "<Anonymous>" "st$set" 
"hash" "self$hash_raw" "self$set_value" "st$set" 
"$" "self$set_value" "st$set" 
"paste0" "encode64" "self$name_key" "writeLines" "<Anonymous>" "st$set" 
"file" "writeLines" "<Anonymous>" "st$set" 
"close.connection" "close" "writeLines" "<Anonymous>" "st$set" 
"close.connection" "close" "writeLines" "<Anonymous>" "st$set" 
"formals" "match.arg" "hash" "self$hash_raw" "self$set_value" "st$set" 
"options" "match" "%in%" "getOption" "file" "writeLines" "<Anonymous>" "st$set" 
"encode64" "self$name_key" "file.exists" "dir_create" "<Anonymous>" "st$set" 
"serialize" "self$serialize_object" "self$set_value" "st$set" 
"integer" "matrix" "encode64" "self$name_key" "writeLines" "<Anonymous>" "st$set" 
"encode64" "self$name_key" "file.exists" "dir_create" "<Anonymous>" "st$set" 
"paste0" "encode64" "self$name_key" "writeLines" "<Anonymous>" "st$set" 
"encode64" "self$name_key" "writeLines" "<Anonymous>" "st$set" 
"match.arg" "hash" "self$hash_raw" "self$set_value" "st$set" 
"dir_create" "<Anonymous>" "st$set" 
"bitwOr" "encode64" "self$name_key" "writeLines" "<Anonymous>" "st$set" 
"encode64" "self$name_key" "writeLines" "<Anonymous>" "st$set" 
"sys.function" "formals" "match.arg" "hash" "self$hash_raw" "self$set_value" "st$set" 
"close.connection" "close" "writeLines" "<Anonymous>" "st$set" 
"options" "match" "%in%" "getOption" "file" "writeLines" "<Anonymous>" "st$set" 
"close.connection" "close" "writeLines" "<Anonymous>" "st$set" 
"c" "encode64" "self$name_key" "file.exists" "dir_create" "<Anonymous>" "st$set" 
"bitwShiftR" "encode64" "self$name_key" "file.exists" "dir_create" "<Anonymous>" "st$set" 
"encode64" "self$name_key" "file.exists" "dir_create" "<Anonymous>" "st$set" 
"bitwShiftR" "bitwOr" "encode64" "self$name_key" "file.exists" "dir_create" "<Anonymous>" "st$set" 
"self$set_value" "st$set" 
"hash" "self$hash_raw" "self$set_value" "st$set" 
"hash" "self$hash_raw" "self$set_value" "st$set" 
"paste0" "file.path" "self$name_hash" "file.exists" "<Anonymous>" "self$set_value" "st$set" 
"hash" "self$hash_raw" "self$set_value" "st$set" 
"encode64" "self$name_key" "writeLines" "<Anonymous>" "st$set" 
"options" "match" "%in%" "getOption" "file" "writeLines" "<Anonymous>" "st$set" 
"paste0" "encode64" "self$name_key" "writeLines" "<Anonymous>" "st$set" 
"options" "match" "%in%" "getOption" "file" "writeLines" "<Anonymous>" "st$set" 
"serialize" "self$serialize_object" "self$set_value" "st$set" 
"bitwShiftR" "encode64" "self$name_key" "writeLines" "<Anonymous>" "st$set" 
"bitwShiftL" "bitwOr" "encode64" "self$name_key" "file.exists" "dir_create" "<Anonymous>" "st$set" 
"getOption" "file" "writeLines" "<Anonymous>" "st$set" 
"sys.function" "formals" "match.arg" "hash" "self$hash_raw" "self$set_value" "st$set" 
"c" "encode64" "self$name_key" "writeLines" "<Anonymous>" "st$set" 
"$" "st$set" 
"file.path" "self$name_key" "file.exists" "dir_create" "<Anonymous>" "st$set" 
"options" "match" "%in%" "getOption" "file" "writeLines" "<Anonymous>" "st$set" 
"file" "writeLines" "<Anonymous>" "st$set" 
"close.connection" "close" "writeLines" "<Anonymous>" "st$set" 
"self$serialize_object" "self$set_value" "st$set" 
"$" "self$set_value" "st$set" 
"as.integer" "hash" "self$hash_raw" "self$set_value" "st$set" 
"serialize" "self$serialize_object" "self$set_value" "st$set" 
"matrix" "encode64" "self$name_key" "file.exists" "dir_create" "<Anonymous>" "st$set" 
"encode64" "self$name_key" "writeLines" "<Anonymous>" "st$set" 
"integer" "matrix" "encode64" "self$name_key" "writeLines" "<Anonymous>" "st$set" 
"close" "writeLines" "<Anonymous>" "st$set" 
"paste0" "encode64" "self$name_key" "writeLines" "<Anonymous>" "st$set" 
"match.arg" "hash" "self$hash_raw" "self$set_value" "st$set" 
"writeLines" "<Anonymous>" "st$set" 
"inherits" "hash" "self$hash_raw" "self$set_value" "st$set" 
"formals" "match.arg" "hash" "self$hash_raw" "self$set_value" "st$set" 
"close.connection" "close" "writeLines" "<Anonymous>" "st$set" 
"self$set_value" "st$set" 
".Call" "hash" "self$hash_raw" "self$set_value" "st$set" 
"encode64" "self$name_key" "file.exists" "dir_create" "<Anonymous>" "st$set" 
"hash" "self$hash_raw" "self$set_value" "st$set" 
"close.connection" "close" "writeLines" "<Anonymous>" "st$set" 
"encode64" "self$name_key" "file.exists" "dir_create" "<Anonymous>" "st$set" 
"encode64" "self$name_key" "writeLines" "<Anonymous>" "st$set" 
"bitwShiftR" "encode64" "self$name_key" "file.exists" "dir_create" "<Anonymous>" "st$set" 
"eval" "match.arg" "hash" "self$hash_raw" "self$set_value" "st$set" 
"$" 
"all" "match.arg" "hash" "self$hash_raw" "self$set_value" "st$set" 
"self$serialize_object" "self$set_value" "st$set" 
"integer" "matrix" "encode64" "self$name_key" "file.exists" "dir_create" "<Anonymous>" "st$set" 
"file.path" "self$name_key" "writeLines" "<Anonymous>" "st$set" 
"encode64" "self$name_key" "writeLines" "<Anonymous>" "st$set" 
"encode64" "self$name_key" "writeLines" "<Anonymous>" "st$set" 
"encode64" "self$name_key" "file.exists" "dir_create" "<Anonymous>" "st$set" 
"matrix" "encode64" "self$name_key" "writeLines" "<Anonymous>" "st$set" 
"sys.parent" "sys.function" "formals" "match.arg" "hash" "self$hash_raw" "self$set_value" "st$set" 
"paste0" "encode64" "self$name_key" "writeLines" "<Anonymous>" "st$set" 
"options" "match" "%in%" "getOption" "file" "writeLines" "<Anonymous>" "st$set" 
"bitwShiftR" "encode64" "self$name_key" "file.exists" "dir_create" "<Anonymous>" "st$set" 
"file.path" "self$name_key" "file.exists" "dir_create" "<Anonymous>" "st$set" 
"writeLines" "<Anonymous>" "st$set" 
"options" "match" "%in%" "getOption" "file" "writeLines" "<Anonymous>" "st$set" 
"encode64" "self$name_key" "writeLines" "<Anonymous>" "st$set" 
"file.path" "self$name_key" "file.exists" "dir_create" "<Anonymous>" "st$set" 
"file.exists" "<Anonymous>" "self$set_value" "st$set" 
"all" "match.arg" "hash" "self$hash_raw" "self$set_value" "st$set" 
"matrix" "encode64" "self$name_key" "file.exists" "dir_create" "<Anonymous>" "st$set" 
"options" "match" "%in%" "getOption" "file" "writeLines" "<Anonymous>" "st$set" 
"options" "match" "%in%" "getOption" "file" "writeLines" "<Anonymous>" "st$set" 
"options" "match" "%in%" "getOption" "file" "writeLines" "<Anonymous>" "st$set" 
"matrix" "encode64" "self$name_key" "writeLines" "<Anonymous>" "st$set" 
"options" "match" "%in%" "getOption" "file" "writeLines" "<Anonymous>" "st$set" 
"/" "encode64" "self$name_key" "writeLines" "<Anonymous>" "st$set" 
"encode64" "self$name_key" "writeLines" "<Anonymous>" "st$set" 
"options" "match" "%in%" "getOption" "file" "writeLines" "<Anonymous>" "st$set" 
"encode64" "self$name_key" "writeLines" "<Anonymous>" "st$set" 
"bitwShiftR" "encode64" "self$name_key" "writeLines" "<Anonymous>" "st$set" 
"match.arg" "hash" "self$hash_raw" "self$set_value" "st$set" 
"$" "writeLines" "<Anonymous>" "st$set" 
"options" "match" "%in%" "getOption" "file" "writeLines" "<Anonymous>" "st$set" 
"options" "match" "%in%" "getOption" "file" "writeLines" "<Anonymous>" "st$set" 
"serialize" "self$serialize_object" "self$set_value" "st$set" 
"options" "match" "%in%" "getOption" "file" "writeLines" "<Anonymous>" "st$set" 
"sys.function" "formals" "match.arg" "hash" "self$hash_raw" "self$set_value" "st$set" 
"serialize" "self$serialize_object" "self$set_value" "st$set" 
"close.connection" "close" "writeLines" "<Anonymous>" "st$set" 
"sys.function" "formals" "match.arg" "hash" "self$hash_raw" "self$set_value" "st$set" 
"paste0" "encode64" "self$name_key" "writeLines" "<Anonymous>" "st$set" 
"encode64" "self$name_key" "file.exists" "dir_create" "<Anonymous>" "st$set" 
"$" "self$name_key" "file.exists" "dir_create" "<Anonymous>" "st$set" 
"file.path" "self$name_hash" "file.exists" "<Anonymous>" "self$set_value" "st$set" 
"file.path" "self$name_hash" "file.exists" "<Anonymous>" "self$set_value" "st$set" 
".Call" "hash" "self$hash_raw" "self$set_value" "st$set" 
"serialize" "self$serialize_object" "self$set_value" "st$set" 
"file" "writeLines" "<Anonymous>" "st$set" 
"encode64" "self$name_key" "file.exists" "dir_create" "<Anonymous>" "st$set" 
"file.exists" "dir_create" "<Anonymous>" "st$set" 
"hash" "self$hash_raw" "self$set_value" "st$set" 
"options" "match" "%in%" "getOption" "file" "writeLines" "<Anonymous>" "st$set" 
"$" "self$set_value" "st$set" 
"paste0" "file.path" "self$name_hash" "file.exists" "<Anonymous>" "self$set_value" "st$set" 
"encode64" "self$name_key" "writeLines" "<Anonymous>" "st$set" 
"file" "writeLines" "<Anonymous>" "st$set" 
"st$set" 
"file" "writeLines" "<Anonymous>" "st$set" 
"$" "file.path" "self$name_key" "file.exists" "dir_create" "<Anonymous>" "st$set" 
"options" "match" "%in%" "getOption" "file" "writeLines" "<Anonymous>" "st$set" 
"close.connection" "close" "writeLines" "<Anonymous>" "st$set" 
"options" "match" "%in%" "getOption" "file" "writeLines" "<Anonymous>" "st$set" 
"options" "match" "%in%" "getOption" "file" "writeLines" "<Anonymous>" "st$set" 
"options" "match" "%in%" "getOption" "file" "writeLines" "<Anonymous>" "st$set" 
"encode64" "self$name_key" "file.exists" "dir_create" "<Anonymous>" "st$set" 
"file" "writeLines" "<Anonymous>" "st$set" 
"formals" "match.arg" "hash" "self$hash_raw" "self$set_value" "st$set" 
"bitwShiftR" "bitwOr" "encode64" "self$name_key" "file.exists" "dir_create" "<Anonymous>" "st$set" 
"bitwShiftR" "bitwOr" "encode64" "self$name_key" "file.exists" "dir_create" "<Anonymous>" "st$set" 
"writeLines" "<Anonymous>" "st$set" 
"bitwShiftR" "bitwOr" "encode64" "self$name_key" "file.exists" "dir_create" "<Anonymous>" "st$set" 
"eval" "match.arg" "hash" "self$hash_raw" "self$set_value" "st$set" 
"getOption" "file" "writeLines" "<Anonymous>" "st$set" 
"paste0" "encode64" "self$name_key" "writeLines" "<Anonymous>" "st$set" 
"options" "match" "%in%" "getOption" "file" "writeLines" "<Anonymous>" "st$set" 
"options" "match" "%in%" "getOption" "file" "writeLines" "<Anonymous>" "st$set" 
"eval" "match.arg" "hash" "self$hash_raw" "self$set_value" "st$set" 
"c" "encode64" "self$name_key" "file.exists" "dir_create" "<Anonymous>" "st$set" 
"file.path" "self$name_key" "file.exists" "dir_create" "<Anonymous>" "st$set" 
"getOption" "file" "writeLines" "<Anonymous>" "st$set" 
"pmatch" "match.arg" "hash" "self$hash_raw" "self$set_value" "st$set" 
"as.character" "eval" "match.arg" "hash" "self$hash_raw" "self$set_value" "st$set" 
"matrix" "encode64" "self$name_key" "writeLines" "<Anonymous>" "st$set" 
"file" "writeLines" "<Anonymous>" "st$set" 
"close.connection" "close" "writeLines" "<Anonymous>" "st$set" 
"file.exists" "dir_create" "<Anonymous>" "st$set" 
"bitwShiftR" "encode64" "self$name_key" "file.exists" "dir_create" "<Anonymous>" "st$set" 
"encode64" "self$name_key" "writeLines" "<Anonymous>" "st$set" 
"$" 
"file" "writeLines" "<Anonymous>" "st$set" 
"file.path" "self$name_hash" "file.exists" "<Anonymous>" "self$set_value" "st$set" 
"file.exists" "<Anonymous>" "self$set_value" "st$set" 
"self$set_value" "st$set" 
"formals" "match.arg" "hash" "self$hash_raw" "self$set_value" "st$set" 
"close.connection" "close" "writeLines" "<Anonymous>" "st$set" 
"match.arg" "hash" "self$hash_raw" "self$set_value" "st$set" 
"file" "writeLines" "<Anonymous>" "st$set" 
"pmatch" "match.arg" "hash" "self$hash_raw" "self$set_value" "st$set" 
"formals" "match.arg" "hash" "self$hash_raw" "self$set_value" "st$set" 
"file.path" "self$name_key" "file.exists" "dir_create" "<Anonymous>" "st$set" 
"bitwOr" "encode64" "self$name_key" "writeLines" "<Anonymous>" "st$set" 
"$" "file.path" "self$name_key" "file.exists" "dir_create" "<Anonymous>" "st$set" 
"st$set" 
"eval" "eval" "match.arg" "hash" "self$hash_raw" "self$set_value" "st$set" 
"close.connection" "close" "writeLines" "<Anonymous>" "st$set" 
"matrix" "encode64" "self$name_key" "writeLines" "<Anonymous>" "st$set" 
"<Anonymous>" "st$set" 
"c" "matrix" "encode64" "self$name_key" "writeLines" "<Anonymous>" "st$set" 
"file.exists" "dir_create" "<Anonymous>" "st$set" 
"paste0" "file.path" "self$name_hash" "file.exists" "<Anonymous>" "self$set_value" "st$set" 
"hash" "self$hash_raw" "self$set_value" "st$set" 
"hash" "self$hash_raw" "self$set_value" "st$set" 
"serialize" "self$serialize_object" "self$set_value" "st$set" 
"file" "writeLines" "<Anonymous>" "st$set" 
"hash" "self$hash_raw" "self$set_value" "st$set" 
"file" "writeLines" "<Anonymous>" "st$set" 
"options" "match" "%in%" "getOption" "file" "writeLines" "<Anonymous>" "st$set" 
"paste0" "encode64" "self$name_key" "writeLines" "<Anonymous>" "st$set" 
"eval" "match.arg" "hash" "self$hash_raw" "self$set_value" "st$set" 
"$" "self$set_value" "st$set" 
"options" "match" "%in%" "getOption" "file" "writeLines" "<Anonymous>" "st$set" 
"st$set" 
"file" "writeLines" "<Anonymous>" "st$set" 
"writeLines" "<Anonymous>" "st$set" 
"options" "match" "%in%" "getOption" "file" "writeLines" "<Anonymous>" "st$set" 
"self$name_key" "file.exists" "dir_create" "<Anonymous>" "st$set" 
"file" "writeLines" "<Anonymous>" "st$set" 
"self$set_value" "st$set" 
"c" "encode64" "self$name_key" "writeLines" "<Anonymous>" "st$set" 
"encode64" "self$name_key" "file.exists" "dir_create" "<Anonymous>" "st$set" 
"options" "match" "%in%" "getOption" "file" "writeLines" "<Anonymous>" "st$set" 
"close.connection" "close" "writeLines" "<Anonymous>" "st$set" 
"match.arg" "hash" "self$hash_raw" "self$set_value" "st$set" 
"eval" "match.arg" "hash" "self$hash_raw" "self$set_value" "st$set" 
"$" "file.path" "self$name_key" "writeLines" "<Anonymous>" "st$set" 
"$" "self$name_key" "writeLines" "<Anonymous>" "st$set" 
"match" "%in%" "getOption" "file" "writeLines" "<Anonymous>" "st$set" 
"file.path" "self$name_key" "file.exists" "dir_create" "<Anonymous>" "st$set" 
"encode64" "self$name_key" "file.exists" "dir_create" "<Anonymous>" "st$set" 
"bitwShiftL" "bitwOr" "encode64" "self$name_key" "file.exists" "dir_create" "<Anonymous>" "st$set" 
"encode64" "self$name_key" "writeLines" "<Anonymous>" "st$set" 
"options" "match" "%in%" "getOption" "file" "writeLines" "<Anonymous>" "st$set" 
"file.exists" "<Anonymous>" "self$set_value" "st$set" 
"st$set" 
"options" "match" "%in%" "getOption" "file" "writeLines" "<Anonymous>" "st$set" 
"sys.parent" "sys.function" "formals" "match.arg" "hash" "self$hash_raw" "self$set_value" "st$set" 
"close.connection" "close" "writeLines" "<Anonymous>" "st$set" 
"formals" "match.arg" "hash" "self$hash_raw" "self$set_value" "st$set" 
"encode64" "self$name_key" "writeLines" "<Anonymous>" "st$set" 
"hash" "self$hash_raw" "self$set_value" "st$set" 
"encode64" "self$name_key" "file.exists" "dir_create" "<Anonymous>" "st$set" 
"writeLines" "<Anonymous>" "st$set" 
"c" "eval" "eval" "match.arg" "hash" "self$hash_raw" "self$set_value" "st$set" 
"file" "writeLines" "<Anonymous>" "st$set" 
"options" "match" "%in%" "getOption" "file" "writeLines" "<Anonymous>" "st$set" 
"bitwOr" "encode64" "self$name_key" "writeLines" "<Anonymous>" "st$set" 
"encode64" "self$name_key" "writeLines" "<Anonymous>" "st$set" 
"options" "match" "%in%" "getOption" "file" "writeLines" "<Anonymous>" "st$set" 
"file" "writeLines" "<Anonymous>" "st$set" 
"options" "match" "%in%" "getOption" "file" "writeLines" "<Anonymous>" "st$set" 
"close" "writeLines" "<Anonymous>" "st$set" 
"bitwShiftL" "bitwOr" "encode64" "self$name_key" "writeLines" "<Anonymous>" "st$set" 
"options" "match" "%in%" "getOption" "file" "writeLines" "<Anonymous>" "st$set" 
"close.connection" "close" "writeLines" "<Anonymous>" "st$set" 
"encode64" "self$name_key" "writeLines" "<Anonymous>" "st$set" 
"encode64" "self$name_key" "file.exists" "dir_create" "<Anonymous>" "st$set" 
"match.arg" "hash" "self$hash_raw" "self$set_value" "st$set" 
"self$set_value" "st$set" 
"c" "encode64" "self$name_key" "writeLines" "<Anonymous>" "st$set" 
"options" "match" "%in%" "getOption" "file" "writeLines" "<Anonymous>" "st$set" 
"serialize" "self$serialize_object" "self$set_value" "st$set" 
"paste0" "encode64" "self$name_key" "writeLines" "<Anonymous>" "st$set" 
"file" "writeLines" "<Anonymous>" "st$set" 
"<Anonymous>" "self$set_value" "st$set" 
"options" "match" "%in%" "getOption" "file" "writeLines" "<Anonymous>" "st$set" 
"options" "match" "%in%" "getOption" "file" "writeLines" "<Anonymous>" "st$set" 
"encode64" "self$name_key" "writeLines" "<Anonymous>" "st$set" 
